// Jest Snapshot v1, https://goo.gl/fbAQLP

exports[`CardForm renders as expected 1`] = `ShallowWrapper {}`;
