// Jest Snapshot v1, https://goo.gl/fbAQLP

exports[`PageHeader renders as expected 1`] = `ShallowWrapper {}`;
