// Jest Snapshot v1, https://goo.gl/fbAQLP

exports[`CearDetails renders as expected 1`] = `ShallowWrapper {}`;
