// Jest Snapshot v1, https://goo.gl/fbAQLP

exports[`Modal renders as expected 1`] = `ShallowWrapper {}`;
